05:04:44.798 [DAP] [cmsis-dap] readMemoryBatch reads=1 bytes=8 owner=cmsis-dap
05:04:44.802 [DAP] [cmsis-dap] readMemoryBatch reads=1 bytes=8 owner=cmsis-dap
05:04:44.805 [DAP] [cmsis-dap] readMemoryBatch reads=1 bytes=8 owner=cmsis-dap
05:04:44.810 [DAP] [cmsis-dap] readMemoryBatch reads=1 bytes=8 owner=cmsis-dap
05:04:44.814 [DAP] [cmsis-dap] readMemoryBatch reads=1 bytes=8 owner=cmsis-dap
05:04:44.819 [DAP] [cmsis-dap] readMemoryBatch reads=1 bytes=8 owner=cmsis-dap
05:04:44.823 [DAP] [cmsis-dap] readMemoryBatch reads=1 bytes=8 owner=cmsis-dap
05:04:44.827 [DAP] [cmsis-dap] readMemoryBatch reads=1 bytes=8 owner=cmsis-dap
05:04:44.832 [DAP] [cmsis-dap] readMemoryBatch reads=1 bytes=8 owner=cmsis-dap
05:04:44.837 [DAP] [cmsis-dap] readMemoryBatch reads=1 bytes=8 owner=cmsis-dap
05:04:44.841 [DAP] [cmsis-dap] readMemoryBatch reads=1 bytes=8 owner=cmsis-dap
05:04:44.846 [DAP] [cmsis-dap] readMemoryBatch reads=1 bytes=8 owner=cmsis-dap
05:04:44.851 [DAP] [cmsis-dap] readMemoryBatch reads=1 bytes=8 owner=cmsis-dap
05:04:44.855 [DAP] [cmsis-dap] readMemoryBatch reads=1 bytes=8 owner=cmsis-dap
05:04:44.860 [DAP] [cmsis-dap] readMemoryBatch reads=1 bytes=8 owner=cmsis-dap
05:04:44.865 [DAP] [cmsis-dap] readMemoryBatch reads=1 bytes=8 owner=cmsis-dap
05:04:44.870 [DAP] [cmsis-dap] readMemoryBatch reads=1 bytes=8 owner=cmsis-dap
05:04:44.874 [DAP] [cmsis-dap] readMemoryBatch reads=1 bytes=8 owner=cmsis-dap
05:04:44.879 [DAP] [cmsis-dap] readMemoryBatch reads=1 bytes=8 owner=cmsis-dap
05:04:44.881 [DAP] [cmsis-dap] getState control=true ok=true owner=cmsis-dap
05:04:44.881 [DAP] getTargetState source=sessionTarget state=running
05:04:44.885 [DAP] [cmsis-dap] readMemoryBatch reads=1 bytes=8 owner=cmsis-dap
05:04:44.888 [DAP] [cmsis-dap] readMemoryBatch reads=1 bytes=8 owner=cmsis-dap
05:04:44.893 [DAP] [cmsis-dap] readMemoryBatch reads=1 bytes=8 owner=cmsis-dap
05:04:44.898 [DAP] [cmsis-dap] readMemoryBatch reads=1 bytes=8 owner=cmsis-dap
05:04:44.902 [DAP] [cmsis-dap] readMemoryBatch reads=1 bytes=8 owner=cmsis-dap
05:04:44.907 [DAP] [cmsis-dap] readMemoryBatch reads=1 bytes=8 owner=cmsis-dap
05:04:44.911 [DAP] [cmsis-dap] readMemoryBatch reads=1 bytes=8 owner=cmsis-dap
05:04:44.915 [DAP] [cmsis-dap] readMemoryBatch reads=1 bytes=8 owner=cmsis-dap
05:04:44.919 [DAP] [cmsis-dap] readMemoryBatch reads=1 bytes=8 owner=cmsis-dap
05:04:44.923 [DAP] [cmsis-dap] readMemoryBatch reads=1 bytes=8 owner=cmsis-dap
05:04:44.928 [DAP] [cmsis-dap] readMemoryBatch reads=1 bytes=8 owner=cmsis-dap
05:04:44.931 [DAP] [cmsis-dap] readMemoryBatch reads=1 bytes=8 owner=cmsis-dap
05:04:44.935 [DAP] [cmsis-dap] readMemoryBatch reads=1 bytes=8 owner=cmsis-dap
05:04:44.939 [DAP] [cmsis-dap] readMemoryBatch reads=1 bytes=8 owner=cmsis-dap
05:04:44.943 [DAP] [cmsis-dap] readMemoryBatch reads=1 bytes=8 owner=cmsis-dap
05:04:44.948 [DAP] [cmsis-dap] readMemoryBatch reads=1 bytes=8 owner=cmsis-dap
05:04:44.952 [DAP] [cmsis-dap] readMemoryBatch reads=1 bytes=8 owner=cmsis-dap
05:04:44.956 [DAP] [cmsis-dap] readMemoryBatch reads=1 bytes=8 owner=cmsis-dap
05:04:44.960 [DAP] [cmsis-dap] readMemoryBatch reads=1 bytes=8 owner=cmsis-dap
05:04:44.964 [DAP] [cmsis-dap] readMemoryBatch reads=1 bytes=8 owner=cmsis-dap
05:04:44.968 [DAP] [cmsis-dap] readMemoryBatch reads=1 bytes=8 owner=cmsis-dap
05:04:44.972 [DAP] [cmsis-dap] readMemoryBatch reads=1 bytes=8 owner=cmsis-dap
05:04:44.977 [DAP] [cmsis-dap] readMemoryBatch reads=1 bytes=8 owner=cmsis-dap
05:04:44.981 [DAP] [cmsis-dap] readMemoryBatch reads=1 bytes=8 owner=cmsis-dap
05:04:44.985 [DAP] [cmsis-dap] readMemoryBatch reads=1 bytes=8 owner=cmsis-dap
05:04:44.989 [DAP] [cmsis-dap] readMemoryBatch reads=1 bytes=8 owner=cmsis-dap
05:04:44.993 [DAP] [cmsis-dap] readMemoryBatch reads=1 bytes=8 owner=cmsis-dap
05:04:44.997 [DAP] [cmsis-dap] readMemoryBatch reads=1 bytes=8 owner=cmsis-dap
05:04:45.002 [DAP] [cmsis-dap] readMemoryBatch reads=1 bytes=8 owner=cmsis-dap
05:04:45.005 [DAP] [cmsis-dap] readMemoryBatch reads=1 bytes=8 owner=cmsis-dap
05:04:45.009 [DAP] [cmsis-dap] readMemoryBatch reads=1 bytes=8 owner=cmsis-dap
05:04:45.014 [DAP] [cmsis-dap] readMemoryBatch reads=1 bytes=8 owner=cmsis-dap
05:04:45.017 [DAP] [cmsis-dap] readMemoryBatch reads=1 bytes=8 owner=cmsis-dap
05:04:45.022 [DAP] [cmsis-dap] readMemoryBatch reads=1 bytes=8 owner=cmsis-dap
05:04:45.026 [DAP] [cmsis-dap] readMemoryBatch reads=1 bytes=8 owner=cmsis-dap
05:04:45.030 [DAP] [cmsis-dap] readMemoryBatch reads=1 bytes=8 owner=cmsis-dap
05:04:45.034 [DAP] [cmsis-dap] readMemoryBatch reads=1 bytes=8 owner=cmsis-dap
05:04:45.037 [DAP] [cmsis-dap] readMemoryBatch reads=1 bytes=8 owner=cmsis-dap
05:04:45.041 [DAP] [cmsis-dap] readMemoryBatch reads=1 bytes=8 owner=cmsis-dap
05:04:45.045 [DAP] [cmsis-dap] readMemoryBatch reads=1 bytes=8 owner=cmsis-dap
05:04:45.049 [DAP] [cmsis-dap] readMemoryBatch reads=1 bytes=8 owner=cmsis-dap
05:04:45.053 [DAP] [cmsis-dap] readMemoryBatch reads=1 bytes=8 owner=cmsis-dap
05:04:45.058 [DAP] [cmsis-dap] readMemoryBatch reads=1 bytes=8 owner=cmsis-dap
05:04:45.061 [DAP] [cmsis-dap] readMemoryBatch reads=1 bytes=8 owner=cmsis-dap
05:04:45.065 [DAP] [cmsis-dap] readMemoryBatch reads=1 bytes=8 owner=cmsis-dap
05:04:45.070 [DAP] [cmsis-dap] readMemoryBatch reads=1 bytes=8 owner=cmsis-dap
05:04:45.074 [DAP] [cmsis-dap] readMemoryBatch reads=1 bytes=8 owner=cmsis-dap
05:04:45.077 [DAP] [cmsis-dap] readMemoryBatch reads=1 bytes=8 owner=cmsis-dap
05:04:45.082 [DAP] [cmsis-dap] readMemoryBatch reads=1 bytes=8 owner=cmsis-dap
05:04:45.086 [DAP] [cmsis-dap] readMemoryBatch reads=1 bytes=8 owner=cmsis-dap
05:04:45.088 [DAP] [cmsis-dap] getState control=true ok=true owner=cmsis-dap
05:04:45.088 [DAP] getTargetState source=sessionTarget state=running
05:04:45.091 [DAP] [cmsis-dap] readMemoryBatch reads=1 bytes=8 owner=cmsis-dap
05:04:45.096 [DAP] [cmsis-dap] readMemoryBatch reads=1 bytes=8 owner=cmsis-dap
05:04:45.100 [DAP] [cmsis-dap] readMemoryBatch reads=1 bytes=8 owner=cmsis-dap
05:04:45.104 [DAP] [cmsis-dap] readMemoryBatch reads=1 bytes=8 owner=cmsis-dap
05:04:45.109 [DAP] [cmsis-dap] readMemoryBatch reads=1 bytes=8 owner=cmsis-dap
05:04:45.112 [DAP] [cmsis-dap] readMemoryBatch reads=1 bytes=8 owner=cmsis-dap
05:04:45.116 [DAP] [cmsis-dap] readMemoryBatch reads=1 bytes=8 owner=cmsis-dap
05:04:45.121 [DAP] [cmsis-dap] readMemoryBatch reads=1 bytes=8 owner=cmsis-dap
05:04:45.126 [DAP] [cmsis-dap] readMemoryBatch reads=1 bytes=8 owner=cmsis-dap
05:04:45.131 [DAP] [cmsis-dap] readMemoryBatch reads=1 bytes=8 owner=cmsis-dap
05:04:45.136 [DAP] [cmsis-dap] readMemoryBatch reads=1 bytes=8 owner=cmsis-dap
05:04:45.139 [DAP] [cmsis-dap] readMemoryBatch reads=1 bytes=8 owner=cmsis-dap
05:04:45.143 [DAP] [cmsis-dap] readMemoryBatch reads=1 bytes=8 owner=cmsis-dap
05:04:45.148 [DAP] [cmsis-dap] readMemoryBatch reads=1 bytes=8 owner=cmsis-dap
05:04:45.153 [DAP] [cmsis-dap] readMemoryBatch reads=1 bytes=8 owner=cmsis-dap
05:04:45.157 [DAP] [cmsis-dap] readMemoryBatch reads=1 bytes=8 owner=cmsis-dap
05:04:45.161 [DAP] [cmsis-dap] readMemoryBatch reads=1 bytes=8 owner=cmsis-dap
05:04:45.165 [DAP] [cmsis-dap] readMemoryBatch reads=1 bytes=8 owner=cmsis-dap
05:04:45.170 [DAP] [cmsis-dap] readMemoryBatch reads=1 bytes=8 owner=cmsis-dap
05:04:45.174 [DAP] [cmsis-dap] readMemoryBatch reads=1 bytes=8 owner=cmsis-dap
05:04:45.179 [DAP] [cmsis-dap] readMemoryBatch reads=1 bytes=8 owner=cmsis-dap
05:04:45.182 [DAP] [cmsis-dap] readMemoryBatch reads=1 bytes=8 owner=cmsis-dap
05:04:45.186 [DAP] [cmsis-dap] readMemoryBatch reads=1 bytes=8 owner=cmsis-dap
05:04:45.190 [DAP] [cmsis-dap] readMemoryBatch reads=1 bytes=8 owner=cmsis-dap
05:04:45.195 [DAP] [cmsis-dap] readMemoryBatch reads=1 bytes=8 owner=cmsis-dap
05:04:45.199 [DAP] [cmsis-dap] readMemoryBatch reads=1 bytes=8 owner=cmsis-dap
05:04:45.203 [DAP] [cmsis-dap] readMemoryBatch reads=1 bytes=8 owner=cmsis-dap
05:04:45.207 [DAP] [cmsis-dap] readMemoryBatch reads=1 bytes=8 owner=cmsis-dap
05:04:45.211 [DAP] [cmsis-dap] readMemoryBatch reads=1 bytes=8 owner=cmsis-dap
05:04:45.215 [DAP] [cmsis-dap] readMemoryBatch reads=1 bytes=8 owner=cmsis-dap
05:04:45.219 [DAP] [cmsis-dap] readMemoryBatch reads=1 bytes=9 owner=cmsis-dap
05:04:45.227 [DAP] [cmsis-dap] readMemory address=134253528 size=12 ok=true owner=cmsis-dap
05:04:45.233 [DAP] [cmsis-dap] readMemory address=134253540 size=13 ok=true owner=cmsis-dap
05:04:45.235 [DAP] [cmsis-dap] readMemory address=536870956 size=4 ok=true owner=cmsis-dap
05:04:45.260 [DAP] [cmsis-dap] readMemory address=134253540 size=256 ok=true owner=cmsis-dap
05:04:45.265 [DAP] [cmsis-dap] readMemoryBatch reads=1 bytes=8 owner=cmsis-dap
05:04:45.268 [DAP] [cmsis-dap] readMemoryBatch reads=1 bytes=8 owner=cmsis-dap
05:04:45.272 [DAP] [cmsis-dap] readMemoryBatch reads=1 bytes=8 owner=cmsis-dap
05:04:45.276 [DAP] [cmsis-dap] readMemoryBatch reads=1 bytes=8 owner=cmsis-dap
05:04:45.280 [DAP] [cmsis-dap] readMemoryBatch reads=1 bytes=8 owner=cmsis-dap
05:04:45.285 [DAP] [cmsis-dap] readMemoryBatch reads=1 bytes=8 owner=cmsis-dap
05:04:45.289 [DAP] [cmsis-dap] readMemoryBatch reads=1 bytes=8 owner=cmsis-dap
05:04:45.294 [DAP] [cmsis-dap] readMemoryBatch reads=1 bytes=8 owner=cmsis-dap
05:04:45.296 [DAP] [cmsis-dap] getState control=true ok=true owner=cmsis-dap
05:04:45.296 [DAP] getTargetState source=sessionTarget state=running
05:04:45.300 [DAP] [cmsis-dap] readMemoryBatch reads=1 bytes=8 owner=cmsis-dap
05:04:45.304 [DAP] [cmsis-dap] readMemoryBatch reads=1 bytes=8 owner=cmsis-dap
05:04:45.308 [DAP] [cmsis-dap] readMemoryBatch reads=1 bytes=8 owner=cmsis-dap
05:04:45.312 [DAP] [cmsis-dap] readMemoryBatch reads=1 bytes=8 owner=cmsis-dap
05:04:45.317 [DAP] [cmsis-dap] readMemoryBatch reads=1 bytes=8 owner=cmsis-dap
05:04:45.322 [DAP] [cmsis-dap] readMemoryBatch reads=1 bytes=8 owner=cmsis-dap
05:04:45.327 [DAP] [cmsis-dap] readMemoryBatch reads=1 bytes=8 owner=cmsis-dap
05:04:45.332 [DAP] [cmsis-dap] readMemoryBatch reads=1 bytes=8 owner=cmsis-dap
05:04:45.336 [DAP] [cmsis-dap] readMemoryBatch reads=1 bytes=8 owner=cmsis-dap
05:04:45.341 [DAP] [cmsis-dap] readMemoryBatch reads=1 bytes=8 owner=cmsis-dap
05:04:45.346 [DAP] [cmsis-dap] readMemoryBatch reads=1 bytes=8 owner=cmsis-dap
05:04:45.351 [DAP] [cmsis-dap] readMemoryBatch reads=1 bytes=8 owner=cmsis-dap
05:04:45.355 [DAP] [cmsis-dap] readMemoryBatch reads=1 bytes=8 owner=cmsis-dap
05:04:45.359 [DAP] [cmsis-dap] readMemoryBatch reads=1 bytes=8 owner=cmsis-dap
05:04:45.364 [DAP] [cmsis-dap] readMemoryBatch reads=1 bytes=8 owner=cmsis-dap
05:04:45.368 [DAP] [cmsis-dap] readMemoryBatch reads=1 bytes=8 owner=cmsis-dap
05:04:45.372 [DAP] [cmsis-dap] readMemoryBatch reads=1 bytes=8 owner=cmsis-dap
05:04:45.376 [DAP] [cmsis-dap] readMemoryBatch reads=1 bytes=8 owner=cmsis-dap
05:04:45.381 [DAP] [cmsis-dap] readMemoryBatch reads=1 bytes=8 owner=cmsis-dap
05:04:45.386 [DAP] [cmsis-dap] readMemoryBatch reads=1 bytes=8 owner=cmsis-dap
05:04:45.390 [DAP] [cmsis-dap] readMemoryBatch reads=1 bytes=8 owner=cmsis-dap
05:04:45.394 [DAP] [cmsis-dap] readMemoryBatch reads=1 bytes=8 owner=cmsis-dap
05:04:45.398 [DAP] [cmsis-dap] readMemoryBatch reads=1 bytes=8 owner=cmsis-dap
05:04:45.402 [DAP] [cmsis-dap] readMemoryBatch reads=1 bytes=8 owner=cmsis-dap
05:04:45.406 [DAP] [cmsis-dap] readMemoryBatch reads=1 bytes=8 owner=cmsis-dap
05:04:45.411 [DAP] [cmsis-dap] readMemoryBatch reads=1 bytes=8 owner=cmsis-dap
05:04:45.414 [DAP] [cmsis-dap] readMemoryBatch reads=1 bytes=8 owner=cmsis-dap
05:04:45.419 [DAP] [cmsis-dap] readMemoryBatch reads=1 bytes=8 owner=cmsis-dap
05:04:45.424 [DAP] [cmsis-dap] readMemoryBatch reads=1 bytes=8 owner=cmsis-dap
05:04:45.428 [DAP] [cmsis-dap] readMemoryBatch reads=1 bytes=8 owner=cmsis-dap
05:04:45.432 [DAP] [cmsis-dap] readMemoryBatch reads=1 bytes=8 owner=cmsis-dap
05:04:45.437 [DAP] [cmsis-dap] readMemoryBatch reads=1 bytes=8 owner=cmsis-dap
05:04:45.441 [DAP] [cmsis-dap] readMemoryBatch reads=1 bytes=8 owner=cmsis-dap
05:04:45.445 [DAP] [cmsis-dap] readMemoryBatch reads=1 bytes=8 owner=cmsis-dap
05:04:45.449 [DAP] [cmsis-dap] readMemoryBatch reads=1 bytes=8 owner=cmsis-dap
05:04:45.454 [DAP] [cmsis-dap] readMemoryBatch reads=1 bytes=8 owner=cmsis-dap
05:04:45.459 [DAP] [cmsis-dap] readMemoryBatch reads=1 bytes=8 owner=cmsis-dap
05:04:45.462 [DAP] [cmsis-dap] readMemoryBatch reads=1 bytes=8 owner=cmsis-dap
05:04:45.467 [DAP] [cmsis-dap] readMemoryBatch reads=1 bytes=8 owner=cmsis-dap
05:04:45.470 [DAP] [cmsis-dap] readMemoryBatch reads=1 bytes=8 owner=cmsis-dap
05:04:45.474 [DAP] [cmsis-dap] readMemoryBatch reads=1 bytes=8 owner=cmsis-dap
05:04:45.479 [DAP] [cmsis-dap] readMemoryBatch reads=1 bytes=8 owner=cmsis-dap
05:04:45.483 [DAP] [cmsis-dap] readMemoryBatch reads=1 bytes=8 owner=cmsis-dap
05:04:45.487 [DAP] [cmsis-dap] readMemoryBatch reads=1 bytes=8 owner=cmsis-dap
05:04:45.491 [DAP] [cmsis-dap] readMemoryBatch reads=1 bytes=8 owner=cmsis-dap
05:04:45.496 [DAP] [cmsis-dap] readMemoryBatch reads=1 bytes=8 owner=cmsis-dap
05:04:45.500 [DAP] [cmsis-dap] readMemoryBatch reads=1 bytes=8 owner=cmsis-dap
05:04:45.502 [DAP] [cmsis-dap] getState control=true ok=true owner=cmsis-dap
05:04:45.502 [DAP] getTargetState source=sessionTarget state=running
05:04:45.506 [DAP] [cmsis-dap] readMemoryBatch reads=1 bytes=8 owner=cmsis-dap
05:04:45.509 [DAP] [cmsis-dap] readMemoryBatch reads=1 bytes=8 owner=cmsis-dap
05:04:45.514 [DAP] [cmsis-dap] readMemoryBatch reads=1 bytes=8 owner=cmsis-dap
05:04:45.518 [DAP] [cmsis-dap] readMemoryBatch reads=1 bytes=8 owner=cmsis-dap
05:04:45.522 [DAP] [cmsis-dap] readMemoryBatch reads=1 bytes=8 owner=cmsis-dap
05:04:45.526 [DAP] [cmsis-dap] readMemoryBatch reads=1 bytes=8 owner=cmsis-dap
05:04:45.529 [DAP] [cmsis-dap] readMemoryBatch reads=1 bytes=8 owner=cmsis-dap
05:04:45.533 [DAP] [cmsis-dap] readMemoryBatch reads=1 bytes=8 owner=cmsis-dap
05:04:45.537 [DAP] [cmsis-dap] readMemoryBatch reads=1 bytes=8 owner=cmsis-dap
05:04:45.541 [DAP] [cmsis-dap] readMemoryBatch reads=1 bytes=8 owner=cmsis-dap
05:04:45.545 [DAP] [cmsis-dap] readMemoryBatch reads=1 bytes=8 owner=cmsis-dap
05:04:45.549 [DAP] [cmsis-dap] readMemoryBatch reads=1 bytes=8 owner=cmsis-dap
05:04:45.553 [DAP] [cmsis-dap] readMemoryBatch reads=1 bytes=8 owner=cmsis-dap
05:04:45.558 [DAP] [cmsis-dap] readMemoryBatch reads=1 bytes=8 owner=cmsis-dap
05:04:45.562 [DAP] [cmsis-dap] readMemoryBatch reads=1 bytes=8 owner=cmsis-dap
05:04:45.565 [DAP] [cmsis-dap] readMemoryBatch reads=1 bytes=8 owner=cmsis-dap
05:04:45.569 [DAP] [cmsis-dap] readMemoryBatch reads=1 bytes=8 owner=cmsis-dap
05:04:45.574 [DAP] [cmsis-dap] readMemoryBatch reads=1 bytes=8 owner=cmsis-dap
05:04:45.578 [DAP] [cmsis-dap] readMemoryBatch reads=1 bytes=8 owner=cmsis-dap
05:04:45.582 [DAP] [cmsis-dap] readMemoryBatch reads=1 bytes=8 owner=cmsis-dap
05:04:45.585 [DAP] [cmsis-dap] readMemoryBatch reads=1 bytes=8 owner=cmsis-dap
05:04:45.589 [DAP] [cmsis-dap] readMemoryBatch reads=1 bytes=8 owner=cmsis-dap
05:04:45.593 [DAP] [cmsis-dap] readMemoryBatch reads=1 bytes=8 owner=cmsis-dap
05:04:45.597 [DAP] [cmsis-dap] readMemoryBatch reads=1 bytes=8 owner=cmsis-dap
05:04:45.602 [DAP] [cmsis-dap] readMemoryBatch reads=1 bytes=8 owner=cmsis-dap
05:04:45.606 [DAP] [cmsis-dap] readMemoryBatch reads=1 bytes=8 owner=cmsis-dap
05:04:45.610 [DAP] [cmsis-dap] readMemoryBatch reads=1 bytes=8 owner=cmsis-dap
05:04:45.614 [DAP] [cmsis-dap] readMemoryBatch reads=1 bytes=8 owner=cmsis-dap
05:04:45.618 [DAP] [cmsis-dap] readMemoryBatch reads=1 bytes=8 owner=cmsis-dap
05:04:45.623 [DAP] [cmsis-dap] readMemoryBatch reads=1 bytes=8 owner=cmsis-dap
05:04:45.627 [DAP] [cmsis-dap] readMemoryBatch reads=1 bytes=8 owner=cmsis-dap
05:04:45.631 [DAP] [cmsis-dap] readMemoryBatch reads=1 bytes=8 owner=cmsis-dap
05:04:45.635 [DAP] [cmsis-dap] readMemoryBatch reads=1 bytes=8 owner=cmsis-dap
05:04:45.639 [DAP] [cmsis-dap] readMemoryBatch reads=1 bytes=8 owner=cmsis-dap
05:04:45.643 [DAP] [cmsis-dap] readMemoryBatch reads=1 bytes=8 owner=cmsis-dap
05:04:45.647 [DAP] [cmsis-dap] readMemoryBatch reads=1 bytes=8 owner=cmsis-dap
05:04:45.651 [DAP] [cmsis-dap] readMemoryBatch reads=1 bytes=8 owner=cmsis-dap
05:04:45.656 [DAP] [cmsis-dap] readMemoryBatch reads=1 bytes=8 owner=cmsis-dap
05:04:45.660 [DAP] [cmsis-dap] readMemoryBatch reads=1 bytes=8 owner=cmsis-dap
05:04:45.664 [DAP] [cmsis-dap] readMemoryBatch reads=1 bytes=8 owner=cmsis-dap
05:04:45.668 [DAP] [cmsis-dap] readMemoryBatch reads=1 bytes=8 owner=cmsis-dap
05:04:45.673 [DAP] [cmsis-dap] readMemoryBatch reads=1 bytes=8 owner=cmsis-dap
05:04:45.676 [DAP] [cmsis-dap] readMemoryBatch reads=1 bytes=8 owner=cmsis-dap
05:04:45.681 [DAP] [cmsis-dap] readMemoryBatch reads=1 bytes=8 owner=cmsis-dap
05:04:45.685 [DAP] [cmsis-dap] readMemoryBatch reads=1 bytes=8 owner=cmsis-dap
05:04:45.689 [DAP] [cmsis-dap] readMemoryBatch reads=1 bytes=8 owner=cmsis-dap
05:04:45.693 [DAP] [cmsis-dap] readMemoryBatch reads=1 bytes=8 owner=cmsis-dap
05:04:45.698 [DAP] [cmsis-dap] readMemoryBatch reads=1 bytes=8 owner=cmsis-dap
05:04:45.702 [DAP] [cmsis-dap] readMemoryBatch reads=1 bytes=8 owner=cmsis-dap
05:04:45.706 [DAP] [cmsis-dap] readMemoryBatch reads=1 bytes=8 owner=cmsis-dap
05:04:45.709 [DAP] [cmsis-dap] getState control=true ok=true owner=cmsis-dap
05:04:45.709 [DAP] getTargetState source=sessionTarget state=running
05:04:45.712 [DAP] [cmsis-dap] readMemoryBatch reads=1 bytes=8 owner=cmsis-dap
05:04:45.717 [DAP] [cmsis-dap] readMemoryBatch reads=1 bytes=8 owner=cmsis-dap
05:04:45.722 [DAP] [cmsis-dap] readMemoryBatch reads=1 bytes=8 owner=cmsis-dap
05:04:45.726 [DAP] [cmsis-dap] readMemoryBatch reads=1 bytes=8 owner=cmsis-dap
05:04:45.731 [DAP] [cmsis-dap] readMemoryBatch reads=1 bytes=8 owner=cmsis-dap
05:04:45.735 [DAP] [cmsis-dap] readMemoryBatch reads=1 bytes=8 owner=cmsis-dap
05:04:45.743 [DAP] [cmsis-dap] readMemoryBatch reads=1 bytes=8 owner=cmsis-dap
05:04:45.747 [DAP] [cmsis-dap] readMemoryBatch reads=1 bytes=8 owner=cmsis-dap
05:04:45.753 [DAP] [cmsis-dap] readMemoryBatch reads=1 bytes=8 owner=cmsis-dap
05:04:45.758 [DAP] [cmsis-dap] readMemoryBatch reads=1 bytes=8 owner=cmsis-dap
05:04:45.763 [DAP] [cmsis-dap] readMemoryBatch reads=1 bytes=8 owner=cmsis-dap
05:04:45.768 [DAP] [cmsis-dap] readMemoryBatch reads=1 bytes=8 owner=cmsis-dap
05:04:45.772 [DAP] [cmsis-dap] readMemoryBatch reads=1 bytes=9 owner=cmsis-dap
05:04:45.779 [DAP] [cmsis-dap] readMemory address=134253528 size=12 ok=true owner=cmsis-dap
05:04:45.785 [DAP] [cmsis-dap] readMemory address=134253540 size=13 ok=true owner=cmsis-dap
05:04:45.787 [DAP] [cmsis-dap] readMemory address=536870956 size=4 ok=true owner=cmsis-dap
05:04:45.812 [DAP] [cmsis-dap] readMemory address=134253540 size=256 ok=true owner=cmsis-dap
05:04:45.817 [DAP] [cmsis-dap] readMemoryBatch reads=1 bytes=8 owner=cmsis-dap
05:04:45.821 [DAP] [cmsis-dap] readMemoryBatch reads=1 bytes=8 owner=cmsis-dap
05:04:45.825 [DAP] [cmsis-dap] readMemoryBatch reads=1 bytes=8 owner=cmsis-dap
05:04:45.829 [DAP] [cmsis-dap] readMemoryBatch reads=1 bytes=8 owner=cmsis-dap
05:04:45.834 [DAP] [cmsis-dap] readMemoryBatch reads=1 bytes=8 owner=cmsis-dap
05:04:45.839 [DAP] [cmsis-dap] readMemoryBatch reads=1 bytes=8 owner=cmsis-dap
05:04:45.844 [DAP] [cmsis-dap] readMemoryBatch reads=1 bytes=8 owner=cmsis-dap
05:04:45.849 [DAP] [cmsis-dap] readMemoryBatch reads=1 bytes=8 owner=cmsis-dap
05:04:45.854 [DAP] [cmsis-dap] readMemoryBatch reads=1 bytes=8 owner=cmsis-dap
05:04:45.858 [DAP] [cmsis-dap] readMemoryBatch reads=1 bytes=8 owner=cmsis-dap
05:04:45.863 [DAP] [cmsis-dap] readMemoryBatch reads=1 bytes=8 owner=cmsis-dap
05:04:45.868 [DAP] [cmsis-dap] readMemoryBatch reads=1 bytes=8 owner=cmsis-dap
05:04:45.872 [DAP] [cmsis-dap] readMemoryBatch reads=1 bytes=8 owner=cmsis-dap
05:04:45.877 [DAP] [cmsis-dap] readMemoryBatch reads=1 bytes=8 owner=cmsis-dap
05:04:45.881 [DAP] [cmsis-dap] readMemoryBatch reads=1 bytes=8 owner=cmsis-dap
05:04:45.886 [DAP] [cmsis-dap] readMemoryBatch reads=1 bytes=8 owner=cmsis-dap
05:04:45.889 [DAP] [cmsis-dap] readMemoryBatch reads=1 bytes=8 owner=cmsis-dap
05:04:45.893 [DAP] [cmsis-dap] readMemoryBatch reads=1 bytes=8 owner=cmsis-dap
05:04:45.897 [DAP] [cmsis-dap] readMemoryBatch reads=1 bytes=8 owner=cmsis-dap
05:04:45.902 [DAP] [cmsis-dap] readMemoryBatch reads=1 bytes=8 owner=cmsis-dap
05:04:45.906 [DAP] [cmsis-dap] readMemoryBatch reads=1 bytes=8 owner=cmsis-dap
05:04:45.911 [DAP] [cmsis-dap] readMemoryBatch reads=1 bytes=8 owner=cmsis-dap
05:04:45.913 [DAP] [cmsis-dap] getState control=true ok=true owner=cmsis-dap
05:04:45.913 [DAP] getTargetState source=sessionTarget state=running
05:04:45.916 [DAP] [cmsis-dap] readMemoryBatch reads=1 bytes=8 owner=cmsis-dap
05:04:45.920 [DAP] [cmsis-dap] readMemoryBatch reads=1 bytes=8 owner=cmsis-dap
05:04:45.925 [DAP] [cmsis-dap] readMemoryBatch reads=1 bytes=8 owner=cmsis-dap
05:04:45.930 [DAP] [cmsis-dap] readMemoryBatch reads=1 bytes=8 owner=cmsis-dap
05:04:45.934 [DAP] [cmsis-dap] readMemoryBatch reads=1 bytes=8 owner=cmsis-dap
05:04:45.938 [DAP] [cmsis-dap] readMemoryBatch reads=1 bytes=8 owner=cmsis-dap
05:04:45.943 [DAP] [cmsis-dap] readMemoryBatch reads=1 bytes=8 owner=cmsis-dap
05:04:45.946 [DAP] [cmsis-dap] readMemoryBatch reads=1 bytes=8 owner=cmsis-dap
05:04:45.950 [DAP] [cmsis-dap] readMemoryBatch reads=1 bytes=8 owner=cmsis-dap
05:04:45.954 [DAP] [cmsis-dap] readMemoryBatch reads=1 bytes=8 owner=cmsis-dap
05:04:45.959 [DAP] [cmsis-dap] readMemoryBatch reads=1 bytes=8 owner=cmsis-dap
05:04:45.962 [DAP] [cmsis-dap] readMemoryBatch reads=1 bytes=8 owner=cmsis-dap
05:04:45.966 [DAP] [cmsis-dap] readMemoryBatch reads=1 bytes=8 owner=cmsis-dap
05:04:45.970 [DAP] [cmsis-dap] readMemoryBatch reads=1 bytes=8 owner=cmsis-dap
05:04:45.974 [DAP] [cmsis-dap] readMemoryBatch reads=1 bytes=8 owner=cmsis-dap
05:04:45.978 [DAP] [cmsis-dap] readMemoryBatch reads=1 bytes=8 owner=cmsis-dap
05:04:45.983 [DAP] [cmsis-dap] readMemoryBatch reads=1 bytes=8 owner=cmsis-dap
05:04:45.987 [DAP] [cmsis-dap] readMemoryBatch reads=1 bytes=8 owner=cmsis-dap
05:04:45.991 [DAP] [cmsis-dap] readMemoryBatch reads=1 bytes=8 owner=cmsis-dap
05:04:45.994 [DAP] [cmsis-dap] readMemoryBatch reads=1 bytes=8 owner=cmsis-dap
05:04:45.998 [DAP] [cmsis-dap] readMemoryBatch reads=1 bytes=8 owner=cmsis-dap
05:04:46.002 [DAP] [cmsis-dap] readMemoryBatch reads=1 bytes=8 owner=cmsis-dap
05:04:46.006 [DAP] [cmsis-dap] readMemoryBatch reads=1 bytes=8 owner=cmsis-dap
05:04:46.010 [DAP] [cmsis-dap] readMemoryBatch reads=1 bytes=8 owner=cmsis-dap
05:04:46.014 [DAP] [cmsis-dap] readMemoryBatch reads=1 bytes=8 owner=cmsis-dap
05:04:46.018 [DAP] [cmsis-dap] readMemoryBatch reads=1 bytes=8 owner=cmsis-dap
05:04:46.022 [DAP] [cmsis-dap] readMemoryBatch reads=1 bytes=8 owner=cmsis-dap
05:04:46.026 [DAP] [cmsis-dap] readMemoryBatch reads=1 bytes=8 owner=cmsis-dap
05:04:46.031 [DAP] [cmsis-dap] readMemoryBatch reads=1 bytes=8 owner=cmsis-dap
05:04:46.035 [DAP] [cmsis-dap] readMemoryBatch reads=1 bytes=8 owner=cmsis-dap
05:04:46.039 [DAP] [cmsis-dap] readMemoryBatch reads=1 bytes=8 owner=cmsis-dap
05:04:46.043 [DAP] [cmsis-dap] readMemoryBatch reads=1 bytes=8 owner=cmsis-dap
05:04:46.047 [DAP] [cmsis-dap] readMemoryBatch reads=1 bytes=8 owner=cmsis-dap
05:04:46.050 [DAP] [cmsis-dap] readMemoryBatch reads=1 bytes=8 owner=cmsis-dap
05:04:46.054 [DAP] [cmsis-dap] readMemoryBatch reads=1 bytes=8 owner=cmsis-dap
05:04:46.058 [DAP] [cmsis-dap] readMemoryBatch reads=1 bytes=8 owner=cmsis-dap
05:04:46.062 [DAP] [cmsis-dap] readMemoryBatch reads=1 bytes=8 owner=cmsis-dap
05:04:46.066 [DAP] [cmsis-dap] readMemoryBatch reads=1 bytes=8 owner=cmsis-dap
05:04:46.070 [DAP] [cmsis-dap] readMemoryBatch reads=1 bytes=8 owner=cmsis-dap
05:04:46.074 [DAP] [cmsis-dap] readMemoryBatch reads=1 bytes=8 owner=cmsis-dap
05:04:46.078 [DAP] [cmsis-dap] readMemoryBatch reads=1 bytes=8 owner=cmsis-dap
05:04:46.083 [DAP] [cmsis-dap] readMemoryBatch reads=1 bytes=8 owner=cmsis-dap
05:04:46.086 [DAP] [cmsis-dap] readMemoryBatch reads=1 bytes=8 owner=cmsis-dap
05:04:46.090 [DAP] [cmsis-dap] readMemoryBatch reads=1 bytes=8 owner=cmsis-dap
05:04:46.095 [DAP] [cmsis-dap] readMemoryBatch reads=1 bytes=8 owner=cmsis-dap
05:04:46.099 [DAP] [cmsis-dap] readMemoryBatch reads=1 bytes=8 owner=cmsis-dap
05:04:46.102 [DAP] [cmsis-dap] readMemoryBatch reads=1 bytes=8 owner=cmsis-dap
05:04:46.106 [DAP] [cmsis-dap] readMemoryBatch reads=1 bytes=8 owner=cmsis-dap
05:04:46.110 [DAP] [cmsis-dap] readMemoryBatch reads=1 bytes=8 owner=cmsis-dap
05:04:46.114 [DAP] [cmsis-dap] readMemoryBatch reads=1 bytes=8 owner=cmsis-dap
05:04:46.118 [DAP] [cmsis-dap] readMemoryBatch reads=1 bytes=8 owner=cmsis-dap
05:04:46.121 [DAP] [cmsis-dap] getState control=true ok=true owner=cmsis-dap
05:04:46.121 [DAP] getTargetState source=sessionTarget state=running
05:04:46.124 [DAP] [cmsis-dap] readMemoryBatch reads=1 bytes=8 owner=cmsis-dap
05:04:46.129 [DAP] [cmsis-dap] readMemoryBatch reads=1 bytes=8 owner=cmsis-dap
05:04:46.132 [DAP] [cmsis-dap] readMemoryBatch reads=1 bytes=8 owner=cmsis-dap
05:04:46.136 [DAP] [cmsis-dap] readMemoryBatch reads=1 bytes=8 owner=cmsis-dap
05:04:46.140 [DAP] [cmsis-dap] readMemoryBatch reads=1 bytes=8 owner=cmsis-dap
05:04:46.145 [DAP] [cmsis-dap] readMemoryBatch reads=1 bytes=8 owner=cmsis-dap
05:04:46.149 [DAP] [cmsis-dap] readMemoryBatch reads=1 bytes=8 owner=cmsis-dap
05:04:46.153 [DAP] [cmsis-dap] readMemoryBatch reads=1 bytes=8 owner=cmsis-dap
05:04:46.158 [DAP] [cmsis-dap] readMemoryBatch reads=1 bytes=8 owner=cmsis-dap
05:04:46.161 [DAP] [cmsis-dap] readMemoryBatch reads=1 bytes=8 owner=cmsis-dap
05:04:46.166 [DAP] [cmsis-dap] readMemoryBatch reads=1 bytes=8 owner=cmsis-dap
05:04:46.170 [DAP] [cmsis-dap] readMemoryBatch reads=1 bytes=8 owner=cmsis-dap
05:04:46.174 [DAP] [cmsis-dap] readMemoryBatch reads=1 bytes=8 owner=cmsis-dap
05:04:46.179 [DAP] [cmsis-dap] readMemoryBatch reads=1 bytes=8 owner=cmsis-dap
05:04:46.183 [DAP] [cmsis-dap] readMemoryBatch reads=1 bytes=8 owner=cmsis-dap
05:04:46.188 [DAP] [cmsis-dap] readMemoryBatch reads=1 bytes=8 owner=cmsis-dap
05:04:46.193 [DAP] [cmsis-dap] readMemoryBatch reads=1 bytes=8 owner=cmsis-dap
05:04:46.197 [DAP] [cmsis-dap] readMemoryBatch reads=1 bytes=8 owner=cmsis-dap
05:04:46.202 [DAP] [cmsis-dap] readMemoryBatch reads=1 bytes=8 owner=cmsis-dap
05:04:46.206 [DAP] [cmsis-dap] readMemoryBatch reads=1 bytes=8 owner=cmsis-dap
05:04:46.210 [DAP] [cmsis-dap] readMemoryBatch reads=1 bytes=8 owner=cmsis-dap
05:04:46.214 [DAP] [cmsis-dap] readMemoryBatch reads=1 bytes=8 owner=cmsis-dap
05:04:46.218 [DAP] [cmsis-dap] readMemoryBatch reads=1 bytes=8 owner=cmsis-dap
05:04:46.223 [DAP] [cmsis-dap] readMemoryBatch reads=1 bytes=8 owner=cmsis-dap
05:04:46.228 [DAP] [cmsis-dap] readMemoryBatch reads=1 bytes=8 owner=cmsis-dap
05:04:46.233 [DAP] [cmsis-dap] readMemoryBatch reads=1 bytes=8 owner=cmsis-dap
05:04:46.238 [DAP] [cmsis-dap] readMemoryBatch reads=1 bytes=8 owner=cmsis-dap
05:04:46.243 [DAP] [cmsis-dap] readMemoryBatch reads=1 bytes=8 owner=cmsis-dap
05:04:46.248 [DAP] [cmsis-dap] readMemoryBatch reads=1 bytes=8 owner=cmsis-dap
05:04:46.252 [DAP] [cmsis-dap] readMemoryBatch reads=1 bytes=8 owner=cmsis-dap
05:04:46.257 [DAP] [cmsis-dap] readMemoryBatch reads=1 bytes=8 owner=cmsis-dap
05:04:46.261 [DAP] [cmsis-dap] readMemoryBatch reads=1 bytes=8 owner=cmsis-dap
05:04:46.265 [DAP] [cmsis-dap] readMemoryBatch reads=1 bytes=8 owner=cmsis-dap
05:04:46.270 [DAP] [cmsis-dap] readMemoryBatch reads=1 bytes=8 owner=cmsis-dap
05:04:46.274 [DAP] [cmsis-dap] readMemoryBatch reads=1 bytes=8 owner=cmsis-dap
05:04:46.279 [DAP] [cmsis-dap] readMemoryBatch reads=1 bytes=8 owner=cmsis-dap
05:04:46.283 [DAP] [cmsis-dap] readMemoryBatch reads=1 bytes=8 owner=cmsis-dap
05:04:46.287 [DAP] [cmsis-dap] readMemoryBatch reads=1 bytes=8 owner=cmsis-dap
05:04:46.292 [DAP] [cmsis-dap] readMemoryBatch reads=1 bytes=8 owner=cmsis-dap
05:04:46.297 [DAP] [cmsis-dap] readMemoryBatch reads=1 bytes=8 owner=cmsis-dap
05:04:46.301 [DAP] [cmsis-dap] readMemoryBatch reads=1 bytes=8 owner=cmsis-dap
05:04:46.306 [DAP] [cmsis-dap] readMemoryBatch reads=1 bytes=8 owner=cmsis-dap
05:04:46.311 [DAP] [cmsis-dap] readMemoryBatch reads=1 bytes=8 owner=cmsis-dap
05:04:46.315 [DAP] [cmsis-dap] readMemoryBatch reads=1 bytes=8 owner=cmsis-dap
05:04:46.320 [DAP] [cmsis-dap] readMemoryBatch reads=1 bytes=8 owner=cmsis-dap
05:04:46.323 [DAP] [cmsis-dap] readMemoryBatch reads=1 bytes=9 owner=cmsis-dap
05:04:46.327 [DAP] [cmsis-dap] getState control=true ok=true owner=cmsis-dap
05:04:46.327 [DAP] getTargetState source=sessionTarget state=running
05:04:46.330 [DAP] [cmsis-dap] readMemory address=134253528 size=12 ok=true owner=cmsis-dap
05:04:46.335 [DAP] [cmsis-dap] readMemory address=134253540 size=13 ok=true owner=cmsis-dap
05:04:46.338 [DAP] [cmsis-dap] readMemory address=536870956 size=4 ok=true owner=cmsis-dap
05:04:46.363 [DAP] [cmsis-dap] readMemory address=134253540 size=256 ok=true owner=cmsis-dap
05:04:46.368 [DAP] [cmsis-dap] readMemoryBatch reads=1 bytes=8 owner=cmsis-dap
05:04:46.372 [DAP] [cmsis-dap] readMemoryBatch reads=1 bytes=8 owner=cmsis-dap
05:04:46.376 [DAP] [cmsis-dap] readMemoryBatch reads=1 bytes=8 owner=cmsis-dap
05:04:46.380 [DAP] [cmsis-dap] readMemoryBatch reads=1 bytes=8 owner=cmsis-dap
05:04:46.384 [DAP] [cmsis-dap] readMemoryBatch reads=1 bytes=8 owner=cmsis-dap
05:04:46.389 [DAP] [cmsis-dap] readMemoryBatch reads=1 bytes=8 owner=cmsis-dap
05:04:46.394 [DAP] [cmsis-dap] readMemoryBatch reads=1 bytes=8 owner=cmsis-dap
05:04:46.399 [DAP] [cmsis-dap] readMemoryBatch reads=1 bytes=8 owner=cmsis-dap
05:04:46.404 [DAP] [cmsis-dap] readMemoryBatch reads=1 bytes=8 owner=cmsis-dap
05:04:46.408 [DAP] [cmsis-dap] readMemoryBatch reads=1 bytes=8 owner=cmsis-dap
05:04:46.412 [DAP] [cmsis-dap] readMemoryBatch reads=1 bytes=8 owner=cmsis-dap
05:04:46.417 [DAP] [cmsis-dap] readMemoryBatch reads=1 bytes=8 owner=cmsis-dap
05:04:46.421 [DAP] [cmsis-dap] readMemoryBatch reads=1 bytes=8 owner=cmsis-dap
05:04:46.424 [DAP] [cmsis-dap] readMemoryBatch reads=1 bytes=8 owner=cmsis-dap
05:04:46.429 [DAP] [cmsis-dap] readMemoryBatch reads=1 bytes=8 owner=cmsis-dap
05:04:46.433 [DAP] [cmsis-dap] readMemoryBatch reads=1 bytes=8 owner=cmsis-dap
05:04:46.437 [DAP] [cmsis-dap] readMemoryBatch reads=1 bytes=8 owner=cmsis-dap
05:04:46.441 [DAP] [cmsis-dap] readMemoryBatch reads=1 bytes=8 owner=cmsis-dap
05:04:46.445 [DAP] [cmsis-dap] readMemoryBatch reads=1 bytes=8 owner=cmsis-dap
05:04:46.449 [DAP] [cmsis-dap] readMemoryBatch reads=1 bytes=8 owner=cmsis-dap
05:04:46.454 [DAP] [cmsis-dap] readMemoryBatch reads=1 bytes=8 owner=cmsis-dap
05:04:46.457 [DAP] [cmsis-dap] readMemoryBatch reads=1 bytes=8 owner=cmsis-dap
05:04:46.461 [DAP] [cmsis-dap] readMemoryBatch reads=1 bytes=8 owner=cmsis-dap
05:04:46.465 [DAP] [cmsis-dap] readMemoryBatch reads=1 bytes=8 owner=cmsis-dap
05:04:46.469 [DAP] [cmsis-dap] readMemoryBatch reads=1 bytes=8 owner=cmsis-dap
05:04:46.473 [DAP] [cmsis-dap] readMemoryBatch reads=1 bytes=8 owner=cmsis-dap
05:04:46.477 [DAP] [cmsis-dap] readMemoryBatch reads=1 bytes=8 owner=cmsis-dap
05:04:46.481 [DAP] [cmsis-dap] readMemoryBatch reads=1 bytes=8 owner=cmsis-dap
05:04:46.485 [DAP] [cmsis-dap] readMemoryBatch reads=1 bytes=8 owner=cmsis-dap
05:04:46.489 [DAP] [cmsis-dap] readMemoryBatch reads=1 bytes=8 owner=cmsis-dap
05:04:46.494 [DAP] [cmsis-dap] readMemoryBatch reads=1 bytes=8 owner=cmsis-dap
05:04:46.497 [DAP] [cmsis-dap] readMemoryBatch reads=1 bytes=8 owner=cmsis-dap
05:04:46.501 [DAP] [cmsis-dap] readMemoryBatch reads=1 bytes=8 owner=cmsis-dap
05:04:46.505 [DAP] [cmsis-dap] readMemoryBatch reads=1 bytes=8 owner=cmsis-dap
05:04:46.510 [DAP] [cmsis-dap] readMemoryBatch reads=1 bytes=8 owner=cmsis-dap
05:04:46.514 [DAP] [cmsis-dap] readMemoryBatch reads=1 bytes=8 owner=cmsis-dap
05:04:46.518 [DAP] [cmsis-dap] readMemoryBatch reads=1 bytes=8 owner=cmsis-dap
05:04:46.522 [DAP] [cmsis-dap] readMemoryBatch reads=1 bytes=8 owner=cmsis-dap
05:04:46.526 [DAP] [cmsis-dap] readMemoryBatch reads=1 bytes=8 owner=cmsis-dap
05:04:46.531 [DAP] [cmsis-dap] readMemoryBatch reads=1 bytes=8 owner=cmsis-dap
05:04:46.533 [DAP] [cmsis-dap] getState control=true ok=true owner=cmsis-dap
05:04:46.533 [DAP] getTargetState source=sessionTarget state=running
05:04:46.537 [DAP] [cmsis-dap] readMemoryBatch reads=1 bytes=8 owner=cmsis-dap
05:04:46.540 [DAP] [cmsis-dap] readMemoryBatch reads=1 bytes=8 owner=cmsis-dap
05:04:46.545 [DAP] [cmsis-dap] readMemoryBatch reads=1 bytes=8 owner=cmsis-dap
05:04:46.548 [DAP] [cmsis-dap] readMemoryBatch reads=1 bytes=8 owner=cmsis-dap
05:04:46.552 [DAP] [cmsis-dap] readMemoryBatch reads=1 bytes=8 owner=cmsis-dap
05:04:46.556 [DAP] [cmsis-dap] readMemoryBatch reads=1 bytes=8 owner=cmsis-dap
05:04:46.560 [DAP] [cmsis-dap] readMemoryBatch reads=1 bytes=8 owner=cmsis-dap
05:04:46.565 [DAP] [cmsis-dap] readMemoryBatch reads=1 bytes=8 owner=cmsis-dap
05:04:46.568 [DAP] [cmsis-dap] readMemoryBatch reads=1 bytes=8 owner=cmsis-dap
05:04:46.572 [DAP] [cmsis-dap] readMemoryBatch reads=1 bytes=8 owner=cmsis-dap
05:04:46.577 [DAP] [cmsis-dap] readMemoryBatch reads=1 bytes=8 owner=cmsis-dap
05:04:46.580 [DAP] [cmsis-dap] readMemoryBatch reads=1 bytes=8 owner=cmsis-dap
05:04:46.584 [DAP] [cmsis-dap] readMemoryBatch reads=1 bytes=8 owner=cmsis-dap
05:04:46.588 [DAP] [cmsis-dap] readMemoryBatch reads=1 bytes=8 owner=cmsis-dap
05:04:46.593 [DAP] [cmsis-dap] readMemoryBatch reads=1 bytes=8 owner=cmsis-dap
05:04:46.597 [DAP] [cmsis-dap] readMemoryBatch reads=1 bytes=8 owner=cmsis-dap
05:04:46.601 [DAP] [cmsis-dap] readMemoryBatch reads=1 bytes=8 owner=cmsis-dap
05:04:46.606 [DAP] [cmsis-dap] readMemoryBatch reads=1 bytes=8 owner=cmsis-dap
05:04:46.611 [DAP] [cmsis-dap] readMemoryBatch reads=1 bytes=8 owner=cmsis-dap
05:04:46.615 [DAP] [cmsis-dap] readMemoryBatch reads=1 bytes=8 owner=cmsis-dap
05:04:46.620 [DAP] [cmsis-dap] readMemoryBatch reads=1 bytes=8 owner=cmsis-dap
05:04:46.625 [DAP] [cmsis-dap] readMemoryBatch reads=1 bytes=8 owner=cmsis-dap
05:04:46.630 [DAP] [cmsis-dap] readMemoryBatch reads=1 bytes=8 owner=cmsis-dap
05:04:46.635 [DAP] [cmsis-dap] readMemoryBatch reads=1 bytes=8 owner=cmsis-dap
05:04:46.640 [DAP] [cmsis-dap] readMemoryBatch reads=1 bytes=8 owner=cmsis-dap
05:04:46.645 [DAP] [cmsis-dap] readMemoryBatch reads=1 bytes=8 owner=cmsis-dap
05:04:46.650 [DAP] [cmsis-dap] readMemoryBatch reads=1 bytes=8 owner=cmsis-dap
05:04:46.654 [DAP] [cmsis-dap] readMemoryBatch reads=1 bytes=8 owner=cmsis-dap
05:04:46.658 [DAP] [cmsis-dap] readMemoryBatch reads=1 bytes=8 owner=cmsis-dap
05:04:46.662 [DAP] [cmsis-dap] readMemoryBatch reads=1 bytes=8 owner=cmsis-dap
05:04:46.666 [DAP] [cmsis-dap] readMemoryBatch reads=1 bytes=8 owner=cmsis-dap
05:04:46.671 [DAP] [cmsis-dap] readMemoryBatch reads=1 bytes=8 owner=cmsis-dap
05:04:46.676 [DAP] [cmsis-dap] readMemoryBatch reads=1 bytes=8 owner=cmsis-dap
05:04:46.681 [DAP] [cmsis-dap] readMemoryBatch reads=1 bytes=8 owner=cmsis-dap
05:04:46.686 [DAP] [cmsis-dap] readMemoryBatch reads=1 bytes=8 owner=cmsis-dap
05:04:46.689 [DAP] [cmsis-dap] readMemoryBatch reads=1 bytes=8 owner=cmsis-dap
05:04:46.693 [DAP] [cmsis-dap] readMemoryBatch reads=1 bytes=8 owner=cmsis-dap
05:04:46.697 [DAP] [cmsis-dap] readMemoryBatch reads=1 bytes=8 owner=cmsis-dap
05:04:46.702 [DAP] [cmsis-dap] readMemoryBatch reads=1 bytes=8 owner=cmsis-dap
05:04:46.705 [DAP] [cmsis-dap] readMemoryBatch reads=1 bytes=8 owner=cmsis-dap
05:04:46.709 [DAP] [cmsis-dap] readMemoryBatch reads=1 bytes=8 owner=cmsis-dap
05:04:46.714 [DAP] [cmsis-dap] readMemoryBatch reads=1 bytes=8 owner=cmsis-dap
05:04:46.718 [DAP] [cmsis-dap] readMemoryBatch reads=1 bytes=8 owner=cmsis-dap
05:04:46.722 [DAP] [cmsis-dap] readMemoryBatch reads=1 bytes=8 owner=cmsis-dap
05:04:46.727 [DAP] [cmsis-dap] readMemoryBatch reads=1 bytes=8 owner=cmsis-dap
05:04:46.732 [DAP] [cmsis-dap] readMemoryBatch reads=1 bytes=8 owner=cmsis-dap
05:04:46.736 [DAP] [cmsis-dap] readMemoryBatch reads=1 bytes=8 owner=cmsis-dap
05:04:46.739 [DAP] [cmsis-dap] readMemoryBatch reads=1 bytes=8 owner=cmsis-dap
05:04:46.742 [DAP] [cmsis-dap] getState control=true ok=true owner=cmsis-dap
05:04:46.742 [DAP] getTargetState source=sessionTarget state=running
05:04:46.745 [DAP] [cmsis-dap] readMemoryBatch reads=1 bytes=8 owner=cmsis-dap
05:04:46.750 [DAP] [cmsis-dap] readMemoryBatch reads=1 bytes=8 owner=cmsis-dap
05:04:46.754 [DAP] [cmsis-dap] readMemoryBatch reads=1 bytes=8 owner=cmsis-dap
05:04:46.759 [DAP] [cmsis-dap] readMemoryBatch reads=1 bytes=8 owner=cmsis-dap
05:04:46.763 [DAP] [cmsis-dap] readMemoryBatch reads=1 bytes=8 owner=cmsis-dap
05:04:46.766 [DAP] [cmsis-dap] readMemoryBatch reads=1 bytes=8 owner=cmsis-dap
05:04:46.770 [DAP] [cmsis-dap] readMemoryBatch reads=1 bytes=8 owner=cmsis-dap
05:04:46.775 [DAP] [cmsis-dap] readMemoryBatch reads=1 bytes=8 owner=cmsis-dap
05:04:46.780 [DAP] [cmsis-dap] readMemoryBatch reads=1 bytes=8 owner=cmsis-dap
05:04:46.783 [DAP] [cmsis-dap] readMemoryBatch reads=1 bytes=8 owner=cmsis-dap
05:04:46.788 [DAP] [cmsis-dap] readMemoryBatch reads=1 bytes=8 owner=cmsis-dap
05:04:46.793 [DAP] [cmsis-dap] readMemoryBatch reads=1 bytes=8 owner=cmsis-dap
05:04:46.798 [DAP] [cmsis-dap] readMemoryBatch reads=1 bytes=8 owner=cmsis-dap
05:04:46.802 [DAP] [cmsis-dap] readMemoryBatch reads=1 bytes=8 owner=cmsis-dap
05:04:46.807 [DAP] [cmsis-dap] readMemoryBatch reads=1 bytes=8 owner=cmsis-dap
05:04:46.811 [DAP] [cmsis-dap] readMemoryBatch reads=1 bytes=8 owner=cmsis-dap
05:04:46.815 [DAP] [cmsis-dap] readMemoryBatch reads=1 bytes=8 owner=cmsis-dap
05:04:46.820 [DAP] [cmsis-dap] readMemoryBatch reads=1 bytes=8 owner=cmsis-dap
05:04:46.824 [DAP] [cmsis-dap] readMemoryBatch reads=1 bytes=8 owner=cmsis-dap
05:04:46.828 [DAP] [cmsis-dap] readMemoryBatch reads=1 bytes=8 owner=cmsis-dap
05:04:46.832 [DAP] [cmsis-dap] readMemoryBatch reads=1 bytes=8 owner=cmsis-dap
05:04:46.836 [DAP] [cmsis-dap] readMemoryBatch reads=1 bytes=8 owner=cmsis-dap
05:04:46.841 [DAP] [cmsis-dap] readMemoryBatch reads=1 bytes=8 owner=cmsis-dap
05:04:46.846 [DAP] [cmsis-dap] readMemoryBatch reads=1 bytes=8 owner=cmsis-dap
05:04:46.850 [DAP] [cmsis-dap] readMemoryBatch reads=1 bytes=8 owner=cmsis-dap
05:04:46.855 [DAP] [cmsis-dap] readMemoryBatch reads=1 bytes=8 owner=cmsis-dap
05:04:46.859 [DAP] [cmsis-dap] readMemoryBatch reads=1 bytes=8 owner=cmsis-dap
05:04:46.863 [DAP] [cmsis-dap] readMemoryBatch reads=1 bytes=8 owner=cmsis-dap
05:04:46.868 [DAP] [cmsis-dap] readMemoryBatch reads=1 bytes=8 owner=cmsis-dap
05:04:46.872 [DAP] [cmsis-dap] readMemoryBatch reads=1 bytes=8 owner=cmsis-dap
05:04:46.876 [DAP] [cmsis-dap] readMemoryBatch reads=1 bytes=9 owner=cmsis-dap
05:04:46.883 [DAP] [cmsis-dap] readMemory address=134253528 size=12 ok=true owner=cmsis-dap
05:04:46.888 [DAP] [cmsis-dap] readMemory address=134253540 size=13 ok=true owner=cmsis-dap
05:04:46.892 [DAP] [cmsis-dap] readMemory address=536870956 size=4 ok=true owner=cmsis-dap
05:04:46.916 [DAP] [cmsis-dap] readMemory address=134253540 size=256 ok=true owner=cmsis-dap
05:04:46.921 [DAP] [cmsis-dap] readMemoryBatch reads=1 bytes=8 owner=cmsis-dap
05:04:46.925 [DAP] [cmsis-dap] readMemoryBatch reads=1 bytes=8 owner=cmsis-dap
05:04:46.930 [DAP] [cmsis-dap] readMemoryBatch reads=1 bytes=8 owner=cmsis-dap
05:04:46.933 [DAP] [cmsis-dap] readMemoryBatch reads=1 bytes=8 owner=cmsis-dap
05:04:46.938 [DAP] [cmsis-dap] readMemoryBatch reads=1 bytes=8 owner=cmsis-dap
05:04:46.943 [DAP] [cmsis-dap] readMemoryBatch reads=1 bytes=8 owner=cmsis-dap
05:04:46.947 [DAP] [cmsis-dap] readMemoryBatch reads=1 bytes=8 owner=cmsis-dap
05:04:46.949 [DAP] [cmsis-dap] getState control=true ok=true owner=cmsis-dap
05:04:46.949 [DAP] getTargetState source=sessionTarget state=running
05:04:46.952 [DAP] [cmsis-dap] readMemoryBatch reads=1 bytes=8 owner=cmsis-dap
05:04:46.957 [DAP] [cmsis-dap] readMemoryBatch reads=1 bytes=8 owner=cmsis-dap
05:04:46.962 [DAP] [cmsis-dap] readMemoryBatch reads=1 bytes=8 owner=cmsis-dap
05:04:46.967 [DAP] [cmsis-dap] readMemoryBatch reads=1 bytes=8 owner=cmsis-dap
05:04:46.972 [DAP] [cmsis-dap] readMemoryBatch reads=1 bytes=8 owner=cmsis-dap
05:04:46.977 [DAP] [cmsis-dap] readMemoryBatch reads=1 bytes=8 owner=cmsis-dap
05:04:46.981 [DAP] [cmsis-dap] readMemoryBatch reads=1 bytes=8 owner=cmsis-dap
05:04:46.985 [DAP] [cmsis-dap] readMemoryBatch reads=1 bytes=8 owner=cmsis-dap
05:04:46.990 [DAP] [cmsis-dap] readMemoryBatch reads=1 bytes=8 owner=cmsis-dap
05:04:46.994 [DAP] [cmsis-dap] readMemoryBatch reads=1 bytes=8 owner=cmsis-dap
05:04:46.999 [DAP] [cmsis-dap] readMemoryBatch reads=1 bytes=8 owner=cmsis-dap
05:04:47.003 [DAP] [cmsis-dap] readMemoryBatch reads=1 bytes=8 owner=cmsis-dap
05:04:47.007 [DAP] [cmsis-dap] readMemoryBatch reads=1 bytes=8 owner=cmsis-dap
05:04:47.011 [DAP] [cmsis-dap] readMemoryBatch reads=1 bytes=8 owner=cmsis-dap
05:04:47.016 [DAP] [cmsis-dap] readMemoryBatch reads=1 bytes=8 owner=cmsis-dap
05:04:47.020 [DAP] [cmsis-dap] readMemoryBatch reads=1 bytes=8 owner=cmsis-dap
05:04:47.023 [DAP] [cmsis-dap] readMemoryBatch reads=1 bytes=8 owner=cmsis-dap
05:04:47.027 [DAP] [cmsis-dap] readMemoryBatch reads=1 bytes=8 owner=cmsis-dap
05:04:47.032 [DAP] [cmsis-dap] readMemoryBatch reads=1 bytes=8 owner=cmsis-dap
05:04:47.036 [DAP] [cmsis-dap] readMemoryBatch reads=1 bytes=8 owner=cmsis-dap
05:04:47.040 [DAP] [cmsis-dap] readMemoryBatch reads=1 bytes=8 owner=cmsis-dap
05:04:47.044 [DAP] [cmsis-dap] readMemoryBatch reads=1 bytes=8 owner=cmsis-dap
05:04:47.048 [DAP] [cmsis-dap] readMemoryBatch reads=1 bytes=8 owner=cmsis-dap
05:04:47.052 [DAP] [cmsis-dap] readMemoryBatch reads=1 bytes=8 owner=cmsis-dap
05:04:47.056 [DAP] [cmsis-dap] readMemoryBatch reads=1 bytes=8 owner=cmsis-dap
05:04:47.061 [DAP] [cmsis-dap] readMemoryBatch reads=1 bytes=8 owner=cmsis-dap
05:04:47.065 [DAP] [cmsis-dap] readMemoryBatch reads=1 bytes=8 owner=cmsis-dap
05:04:47.068 [DAP] [cmsis-dap] readMemoryBatch reads=1 bytes=8 owner=cmsis-dap
05:04:47.072 [DAP] [cmsis-dap] readMemoryBatch reads=1 bytes=8 owner=cmsis-dap
05:04:47.076 [DAP] [cmsis-dap] readMemoryBatch reads=1 bytes=8 owner=cmsis-dap
05:04:47.081 [DAP] [cmsis-dap] readMemoryBatch reads=1 bytes=8 owner=cmsis-dap
05:04:47.085 [DAP] [cmsis-dap] readMemoryBatch reads=1 bytes=8 owner=cmsis-dap
05:04:47.089 [DAP] [cmsis-dap] readMemoryBatch reads=1 bytes=8 owner=cmsis-dap
05:04:47.093 [DAP] [cmsis-dap] readMemoryBatch reads=1 bytes=8 owner=cmsis-dap
05:04:47.096 [DAP] [cmsis-dap] readMemoryBatch reads=1 bytes=8 owner=cmsis-dap
05:04:47.102 [DAP] [cmsis-dap] readMemoryBatch reads=1 bytes=8 owner=cmsis-dap
05:04:47.105 [DAP] [cmsis-dap] readMemoryBatch reads=1 bytes=8 owner=cmsis-dap
05:04:47.109 [DAP] [cmsis-dap] readMemoryBatch reads=1 bytes=8 owner=cmsis-dap
05:04:47.113 [DAP] [cmsis-dap] readMemoryBatch reads=1 bytes=8 owner=cmsis-dap
05:04:47.118 [DAP] [cmsis-dap] readMemoryBatch reads=1 bytes=8 owner=cmsis-dap
05:04:47.122 [DAP] [cmsis-dap] readMemoryBatch reads=1 bytes=8 owner=cmsis-dap
05:04:47.125 [DAP] [cmsis-dap] readMemoryBatch reads=1 bytes=8 owner=cmsis-dap
05:04:47.129 [DAP] [cmsis-dap] readMemoryBatch reads=1 bytes=8 owner=cmsis-dap
05:04:47.134 [DAP] [cmsis-dap] readMemoryBatch reads=1 bytes=8 owner=cmsis-dap
05:04:47.137 [DAP] [cmsis-dap] readMemoryBatch reads=1 bytes=8 owner=cmsis-dap
05:04:47.141 [DAP] [cmsis-dap] readMemoryBatch reads=1 bytes=8 owner=cmsis-dap
05:04:47.146 [DAP] [cmsis-dap] readMemoryBatch reads=1 bytes=8 owner=cmsis-dap
05:04:47.149 [DAP] [cmsis-dap] readMemoryBatch reads=1 bytes=8 owner=cmsis-dap
05:04:47.154 [DAP] [cmsis-dap] readMemoryBatch reads=1 bytes=8 owner=cmsis-dap
05:04:47.156 [DAP] [cmsis-dap] getState control=true ok=true owner=cmsis-dap
05:04:47.156 [DAP] getTargetState source=sessionTarget state=running
05:04:47.159 [DAP] [cmsis-dap] readMemoryBatch reads=1 bytes=8 owner=cmsis-dap
05:04:47.163 [DAP] [cmsis-dap] readMemoryBatch reads=1 bytes=8 owner=cmsis-dap
05:04:47.168 [DAP] [cmsis-dap] readMemoryBatch reads=1 bytes=8 owner=cmsis-dap
05:04:47.172 [DAP] [cmsis-dap] readMemoryBatch reads=1 bytes=8 owner=cmsis-dap
05:04:47.175 [DAP] [cmsis-dap] readMemoryBatch reads=1 bytes=8 owner=cmsis-dap
05:04:47.179 [DAP] [cmsis-dap] readMemoryBatch reads=1 bytes=8 owner=cmsis-dap
05:04:47.184 [DAP] [cmsis-dap] readMemoryBatch reads=1 bytes=8 owner=cmsis-dap
05:04:47.189 [DAP] [cmsis-dap] readMemoryBatch reads=1 bytes=8 owner=cmsis-dap
05:04:47.193 [DAP] [cmsis-dap] readMemoryBatch reads=1 bytes=8 owner=cmsis-dap
05:04:47.198 [DAP] [cmsis-dap] readMemoryBatch reads=1 bytes=8 owner=cmsis-dap
05:04:47.201 [DAP] [cmsis-dap] readMemoryBatch reads=1 bytes=8 owner=cmsis-dap
05:04:47.205 [DAP] [cmsis-dap] readMemoryBatch reads=1 bytes=8 owner=cmsis-dap
05:04:47.209 [DAP] [cmsis-dap] readMemoryBatch reads=1 bytes=8 owner=cmsis-dap
05:04:47.213 [DAP] [cmsis-dap] readMemoryBatch reads=1 bytes=8 owner=cmsis-dap
05:04:47.218 [DAP] [cmsis-dap] readMemoryBatch reads=1 bytes=8 owner=cmsis-dap
05:04:47.221 [DAP] [cmsis-dap] readMemoryBatch reads=1 bytes=8 owner=cmsis-dap
05:04:47.225 [DAP] [cmsis-dap] readMemoryBatch reads=1 bytes=8 owner=cmsis-dap
05:04:47.230 [DAP] [cmsis-dap] readMemoryBatch reads=1 bytes=8 owner=cmsis-dap
05:04:47.234 [DAP] [cmsis-dap] readMemoryBatch reads=1 bytes=8 owner=cmsis-dap
05:04:47.239 [DAP] [cmsis-dap] readMemoryBatch reads=1 bytes=8 owner=cmsis-dap
05:04:47.244 [DAP] [cmsis-dap] readMemoryBatch reads=1 bytes=8 owner=cmsis-dap
05:04:47.248 [DAP] [cmsis-dap] readMemoryBatch reads=1 bytes=8 owner=cmsis-dap
05:04:47.252 [DAP] [cmsis-dap] readMemoryBatch reads=1 bytes=8 owner=cmsis-dap
05:04:47.256 [DAP] [cmsis-dap] readMemoryBatch reads=1 bytes=8 owner=cmsis-dap
05:04:47.260 [DAP] [cmsis-dap] readMemoryBatch reads=1 bytes=8 owner=cmsis-dap
05:04:47.264 [DAP] [cmsis-dap] readMemoryBatch reads=1 bytes=8 owner=cmsis-dap
05:04:47.268 [DAP] [cmsis-dap] readMemoryBatch reads=1 bytes=8 owner=cmsis-dap
05:04:47.273 [DAP] [cmsis-dap] readMemoryBatch reads=1 bytes=8 owner=cmsis-dap
05:04:47.277 [DAP] [cmsis-dap] readMemoryBatch reads=1 bytes=8 owner=cmsis-dap
05:04:47.282 [DAP] [cmsis-dap] readMemoryBatch reads=1 bytes=8 owner=cmsis-dap
05:04:47.287 [DAP] [cmsis-dap] readMemoryBatch reads=1 bytes=8 owner=cmsis-dap
05:04:47.291 [DAP] [cmsis-dap] readMemoryBatch reads=1 bytes=8 owner=cmsis-dap
05:04:47.295 [DAP] [cmsis-dap] readMemoryBatch reads=1 bytes=8 owner=cmsis-dap
05:04:47.300 [DAP] [cmsis-dap] readMemoryBatch reads=1 bytes=8 owner=cmsis-dap
05:04:47.304 [DAP] [cmsis-dap] readMemoryBatch reads=1 bytes=8 owner=cmsis-dap
05:04:47.308 [DAP] [cmsis-dap] readMemoryBatch reads=1 bytes=8 owner=cmsis-dap
05:04:47.311 [DAP] [cmsis-dap] readMemoryBatch reads=1 bytes=8 owner=cmsis-dap
05:04:47.315 [DAP] [cmsis-dap] readMemoryBatch reads=1 bytes=8 owner=cmsis-dap
05:04:47.320 [DAP] [cmsis-dap] readMemoryBatch reads=1 bytes=8 owner=cmsis-dap
05:04:47.323 [DAP] [cmsis-dap] readMemoryBatch reads=1 bytes=8 owner=cmsis-dap
05:04:47.328 [DAP] [cmsis-dap] readMemoryBatch reads=1 bytes=8 owner=cmsis-dap
05:04:47.332 [DAP] [cmsis-dap] readMemoryBatch reads=1 bytes=8 owner=cmsis-dap
05:04:47.337 [DAP] [cmsis-dap] readMemoryBatch reads=1 bytes=8 owner=cmsis-dap
05:04:47.341 [DAP] [cmsis-dap] readMemoryBatch reads=1 bytes=8 owner=cmsis-dap
05:04:47.344 [DAP] [cmsis-dap] readMemoryBatch reads=1 bytes=8 owner=cmsis-dap
05:04:47.349 [DAP] [cmsis-dap] readMemoryBatch reads=1 bytes=8 owner=cmsis-dap
05:04:47.354 [DAP] [cmsis-dap] readMemoryBatch reads=1 bytes=8 owner=cmsis-dap
05:04:47.358 [DAP] [cmsis-dap] readMemoryBatch reads=1 bytes=8 owner=cmsis-dap
05:04:47.362 [DAP] [cmsis-dap] readMemoryBatch reads=1 bytes=8 owner=cmsis-dap
